Archive member included to satisfy reference by file (symbol)

d:/program files/stm32cubeide_1.12.0/stm32cubeide/plugins/com.st.stm32cube.ide.mcu.externaltools.gnu-tools-for-stm32.10.3-2021.10.win32_1.0.200.202301161003/tools/bin/../lib/gcc/arm-none-eabi/10.3.1/../../../../arm-none-eabi/lib/thumb/v7-m/nofp\libc_nano.a(lib_a-errno.o)
                              ./Core/Src/syscalls.o (__errno)
d:/program files/stm32cubeide_1.12.0/stm32cubeide/plugins/com.st.stm32cube.ide.mcu.externaltools.gnu-tools-for-stm32.10.3-2021.10.win32_1.0.200.202301161003/tools/bin/../lib/gcc/arm-none-eabi/10.3.1/../../../../arm-none-eabi/lib/thumb/v7-m/nofp\libc_nano.a(lib_a-exit.o)
                              d:/program files/stm32cubeide_1.12.0/stm32cubeide/plugins/com.st.stm32cube.ide.mcu.externaltools.gnu-tools-for-stm32.10.3-2021.10.win32_1.0.200.202301161003/tools/bin/../lib/gcc/arm-none-eabi/10.3.1/../../../../arm-none-eabi/lib/thumb/v7-m/nofp/crt0.o (exit)
d:/program files/stm32cubeide_1.12.0/stm32cubeide/plugins/com.st.stm32cube.ide.mcu.externaltools.gnu-tools-for-stm32.10.3-2021.10.win32_1.0.200.202301161003/tools/bin/../lib/gcc/arm-none-eabi/10.3.1/../../../../arm-none-eabi/lib/thumb/v7-m/nofp\libc_nano.a(lib_a-impure.o)
                              d:/program files/stm32cubeide_1.12.0/stm32cubeide/plugins/com.st.stm32cube.ide.mcu.externaltools.gnu-tools-for-stm32.10.3-2021.10.win32_1.0.200.202301161003/tools/bin/../lib/gcc/arm-none-eabi/10.3.1/../../../../arm-none-eabi/lib/thumb/v7-m/nofp\libc_nano.a(lib_a-exit.o) (_global_impure_ptr)
d:/program files/stm32cubeide_1.12.0/stm32cubeide/plugins/com.st.stm32cube.ide.mcu.externaltools.gnu-tools-for-stm32.10.3-2021.10.win32_1.0.200.202301161003/tools/bin/../lib/gcc/arm-none-eabi/10.3.1/../../../../arm-none-eabi/lib/thumb/v7-m/nofp\libc_nano.a(lib_a-init.o)
                              d:/program files/stm32cubeide_1.12.0/stm32cubeide/plugins/com.st.stm32cube.ide.mcu.externaltools.gnu-tools-for-stm32.10.3-2021.10.win32_1.0.200.202301161003/tools/bin/../lib/gcc/arm-none-eabi/10.3.1/../../../../arm-none-eabi/lib/thumb/v7-m/nofp/crt0.o (__libc_init_array)
d:/program files/stm32cubeide_1.12.0/stm32cubeide/plugins/com.st.stm32cube.ide.mcu.externaltools.gnu-tools-for-stm32.10.3-2021.10.win32_1.0.200.202301161003/tools/bin/../lib/gcc/arm-none-eabi/10.3.1/../../../../arm-none-eabi/lib/thumb/v7-m/nofp\libc_nano.a(lib_a-memset.o)
                              d:/program files/stm32cubeide_1.12.0/stm32cubeide/plugins/com.st.stm32cube.ide.mcu.externaltools.gnu-tools-for-stm32.10.3-2021.10.win32_1.0.200.202301161003/tools/bin/../lib/gcc/arm-none-eabi/10.3.1/../../../../arm-none-eabi/lib/thumb/v7-m/nofp/crt0.o (memset)

Discarded input sections

 .text          0x0000000000000000        0x0 d:/program files/stm32cubeide_1.12.0/stm32cubeide/plugins/com.st.stm32cube.ide.mcu.externaltools.gnu-tools-for-stm32.10.3-2021.10.win32_1.0.200.202301161003/tools/bin/../lib/gcc/arm-none-eabi/10.3.1/thumb/v7-m/nofp/crti.o
 .data          0x0000000000000000        0x0 d:/program files/stm32cubeide_1.12.0/stm32cubeide/plugins/com.st.stm32cube.ide.mcu.externaltools.gnu-tools-for-stm32.10.3-2021.10.win32_1.0.200.202301161003/tools/bin/../lib/gcc/arm-none-eabi/10.3.1/thumb/v7-m/nofp/crti.o
 .bss           0x0000000000000000        0x0 d:/program files/stm32cubeide_1.12.0/stm32cubeide/plugins/com.st.stm32cube.ide.mcu.externaltools.gnu-tools-for-stm32.10.3-2021.10.win32_1.0.200.202301161003/tools/bin/../lib/gcc/arm-none-eabi/10.3.1/thumb/v7-m/nofp/crti.o
 .data          0x0000000000000000        0x4 d:/program files/stm32cubeide_1.12.0/stm32cubeide/plugins/com.st.stm32cube.ide.mcu.externaltools.gnu-tools-for-stm32.10.3-2021.10.win32_1.0.200.202301161003/tools/bin/../lib/gcc/arm-none-eabi/10.3.1/thumb/v7-m/nofp/crtbegin.o
 .rodata        0x0000000000000000       0x24 d:/program files/stm32cubeide_1.12.0/stm32cubeide/plugins/com.st.stm32cube.ide.mcu.externaltools.gnu-tools-for-stm32.10.3-2021.10.win32_1.0.200.202301161003/tools/bin/../lib/gcc/arm-none-eabi/10.3.1/thumb/v7-m/nofp/crtbegin.o
 .text          0x0000000000000000       0x7c d:/program files/stm32cubeide_1.12.0/stm32cubeide/plugins/com.st.stm32cube.ide.mcu.externaltools.gnu-tools-for-stm32.10.3-2021.10.win32_1.0.200.202301161003/tools/bin/../lib/gcc/arm-none-eabi/10.3.1/../../../../arm-none-eabi/lib/thumb/v7-m/nofp/crt0.o
 .data          0x0000000000000000        0x0 d:/program files/stm32cubeide_1.12.0/stm32cubeide/plugins/com.st.stm32cube.ide.mcu.externaltools.gnu-tools-for-stm32.10.3-2021.10.win32_1.0.200.202301161003/tools/bin/../lib/gcc/arm-none-eabi/10.3.1/../../../../arm-none-eabi/lib/thumb/v7-m/nofp/crt0.o
 .bss           0x0000000000000000        0x0 d:/program files/stm32cubeide_1.12.0/stm32cubeide/plugins/com.st.stm32cube.ide.mcu.externaltools.gnu-tools-for-stm32.10.3-2021.10.win32_1.0.200.202301161003/tools/bin/../lib/gcc/arm-none-eabi/10.3.1/../../../../arm-none-eabi/lib/thumb/v7-m/nofp/crt0.o
[...]
Memory Configuration

Name             Origin             Length             Attributes
RAM              0x0000000020000000 0x0000000000005000 xrw
FLASH            0x0000000008000000 0x0000000000020000 xr
*default*        0x0000000000000000 0xffffffffffffffff

Linker script and memory map

LOAD d:/program files/stm32cubeide_1.12.0/stm32cubeide/plugins/com.st.stm32cube.ide.mcu.externaltools.gnu-tools-for-stm32.10.3-2021.10.win32_1.0.200.202301161003/tools/bin/../lib/gcc/arm-none-eabi/10.3.1/thumb/v7-m/nofp/crti.o
LOAD d:/program files/stm32cubeide_1.12.0/stm32cubeide/plugins/com.st.stm32cube.ide.mcu.externaltools.gnu-tools-for-stm32.10.3-2021.10.win32_1.0.200.202301161003/tools/bin/../lib/gcc/arm-none-eabi/10.3.1/thumb/v7-m/nofp/crtbegin.o
LOAD d:/program files/stm32cubeide_1.12.0/stm32cubeide/plugins/com.st.stm32cube.ide.mcu.externaltools.gnu-tools-for-stm32.10.3-2021.10.win32_1.0.200.202301161003/tools/bin/../lib/gcc/arm-none-eabi/10.3.1/../../../../arm-none-eabi/lib/thumb/v7-m/nofp/crt0.o
LOAD ./Core/Src/main.o
LOAD ./Core/Src/stm32f1xx_hal_msp.o
LOAD ./Core/Src/stm32f1xx_it.o
LOAD ./Core/Src/syscalls.o
LOAD ./Core/Src/sysmem.o
LOAD ./Core/Src/system_stm32f1xx.o
LOAD ./Core/Startup/startup_stm32f103cbtx.o
LOAD ./Drivers/STM32F1xx_HAL_Driver/Src/stm32f1xx_hal.o
LOAD ./Drivers/STM32F1xx_HAL_Driver/Src/stm32f1xx_hal_cortex.o
LOAD ./Drivers/STM32F1xx_HAL_Driver/Src/stm32f1xx_hal_dma.o
LOAD ./Drivers/STM32F1xx_HAL_Driver/Src/stm32f1xx_hal_exti.o
LOAD ./Drivers/STM32F1xx_HAL_Driver/Src/stm32f1xx_hal_flash.o
LOAD ./Drivers/STM32F1xx_HAL_Driver/Src/stm32f1xx_hal_flash_ex.o
LOAD ./Drivers/STM32F1xx_HAL_Driver/Src/stm32f1xx_hal_gpio.o
LOAD ./Drivers/STM32F1xx_HAL_Driver/Src/stm32f1xx_hal_gpio_ex.o
LOAD ./Drivers/STM32F1xx_HAL_Driver/Src/stm32f1xx_hal_pwr.o
LOAD ./Drivers/STM32F1xx_HAL_Driver/Src/stm32f1xx_hal_rcc.o
LOAD ./Drivers/STM32F1xx_HAL_Driver/Src/stm32f1xx_hal_rcc_ex.o
LOAD ./Drivers/STM32F1xx_HAL_Driver/Src/stm32f1xx_hal_spi.o
LOAD ./Drivers/STM32F1xx_HAL_Driver/Src/stm32f1xx_hal_tim.o
LOAD ./Drivers/STM32F1xx_HAL_Driver/Src/stm32f1xx_hal_tim_ex.o
LOAD ./Drivers/STM32F1xx_HAL_Driver/Src/stm32f1xx_hal_uart.o
START GROUP
LOAD d:/program files/stm32cubeide_1.12.0/stm32cubeide/plugins/com.st.stm32cube.ide.mcu.externaltools.gnu-tools-for-stm32.10.3-2021.10.win32_1.0.200.202301161003/tools/bin/../lib/gcc/arm-none-eabi/10.3.1/../../../../arm-none-eabi/lib/thumb/v7-m/nofp\libc_nano.a
LOAD d:/program files/stm32cubeide_1.12.0/stm32cubeide/plugins/com.st.stm32cube.ide.mcu.externaltools.gnu-tools-for-stm32.10.3-2021.10.win32_1.0.200.202301161003/tools/bin/../lib/gcc/arm-none-eabi/10.3.1/../../../../arm-none-eabi/lib/thumb/v7-m/nofp\libm.a
END GROUP
START GROUP
LOAD d:/program files/stm32cubeide_1.12.0/stm32cubeide/plugins/com.st.stm32cube.ide.mcu.externaltools.gnu-tools-for-stm32.10.3-2021.10.win32_1.0.200.202301161003/tools/bin/../lib/gcc/arm-none-eabi/10.3.1/thumb/v7-m/nofp\libgcc.a
LOAD d:/program files/stm32cubeide_1.12.0/stm32cubeide/plugins/com.st.stm32cube.ide.mcu.externaltools.gnu-tools-for-stm32.10.3-2021.10.win32_1.0.200.202301161003/tools/bin/../lib/gcc/arm-none-eabi/10.3.1/../../../../arm-none-eabi/lib/thumb/v7-m/nofp\libc_nano.a
END GROUP
START GROUP
LOAD d:/program files/stm32cubeide_1.12.0/stm32cubeide/plugins/com.st.stm32cube.ide.mcu.externaltools.gnu-tools-for-stm32.10.3-2021.10.win32_1.0.200.202301161003/tools/bin/../lib/gcc/arm-none-eabi/10.3.1/thumb/v7-m/nofp\libgcc.a
LOAD d:/program files/stm32cubeide_1.12.0/stm32cubeide/plugins/com.st.stm32cube.ide.mcu.externaltools.gnu-tools-for-stm32.10.3-2021.10.win32_1.0.200.202301161003/tools/bin/../lib/gcc/arm-none-eabi/10.3.1/../../../../arm-none-eabi/lib/thumb/v7-m/nofp\libc_nano.a
LOAD d:/program files/stm32cubeide_1.12.0/stm32cubeide/plugins/com.st.stm32cube.ide.mcu.externaltools.gnu-tools-for-stm32.10.3-2021.10.win32_1.0.200.202301161003/tools/bin/../lib/gcc/arm-none-eabi/10.3.1/../../../../arm-none-eabi/lib/thumb/v7-m/nofp\libnosys.a
END GROUP
START GROUP
LOAD d:/program files/stm32cubeide_1.12.0/stm32cubeide/plugins/com.st.stm32cube.ide.mcu.externaltools.gnu-tools-for-stm32.10.3-2021.10.win32_1.0.200.202301161003/tools/bin/../lib/gcc/arm-none-eabi/10.3.1/thumb/v7-m/nofp\libgcc.a
LOAD d:/program files/stm32cubeide_1.12.0/stm32cubeide/plugins/com.st.stm32cube.ide.mcu.externaltools.gnu-tools-for-stm32.10.3-2021.10.win32_1.0.200.202301161003/tools/bin/../lib/gcc/arm-none-eabi/10.3.1/../../../../arm-none-eabi/lib/thumb/v7-m/nofp\libc_nano.a
LOAD d:/program files/stm32cubeide_1.12.0/stm32cubeide/plugins/com.st.stm32cube.ide.mcu.externaltools.gnu-tools-for-stm32.10.3-2021.10.win32_1.0.200.202301161003/tools/bin/../lib/gcc/arm-none-eabi/10.3.1/../../../../arm-none-eabi/lib/thumb/v7-m/nofp\libnosys.a
END GROUP
LOAD d:/program files/stm32cubeide_1.12.0/stm32cubeide/plugins/com.st.stm32cube.ide.mcu.externaltools.gnu-tools-for-stm32.10.3-2021.10.win32_1.0.200.202301161003/tools/bin/../lib/gcc/arm-none-eabi/10.3.1/thumb/v7-m/nofp/crtend.o
LOAD d:/program files/stm32cubeide_1.12.0/stm32cubeide/plugins/com.st.stm32cube.ide.mcu.externaltools.gnu-tools-for-stm32.10.3-2021.10.win32_1.0.200.202301161003/tools/bin/../lib/gcc/arm-none-eabi/10.3.1/thumb/v7-m/nofp/crtn.o
                0x0000000020005000                _estack = (ORIGIN (RAM) + LENGTH (RAM))
                0x0000000000000200                _Min_Heap_Size = 0x200
                0x0000000000000400                _Min_Stack_Size = 0x400

.isr_vector     0x0000000008000000      0x10c
                0x0000000008000000                . = ALIGN (0x4)
 *(.isr_vector)
 .isr_vector    0x0000000008000000      0x10c ./Core/Startup/startup_stm32f103cbtx.o
                0x0000000008000000                g_pfnVectors
                0x000000000800010c                . = ALIGN (0x4)

.text           0x000000000800010c     0x2b6c
                0x000000000800010c                . = ALIGN (0x4)
 *(.text)
 .text          0x000000000800010c       0x40 d:/program files/stm32cubeide_1.12.0/stm32cubeide/plugins/com.st.stm32cube.ide.mcu.externaltools.gnu-tools-for-stm32.10.3-2021.10.win32_1.0.200.202301161003/tools/bin/../lib/gcc/arm-none-eabi/10.3.1/thumb/v7-m/nofp/crtbegin.o
 *(.text*)
 .text.parserPC
                0x000000000800014c       0x60 ./Core/Src/main.o
                0x000000000800014c                parserPC
 .text.SPI_SendReceive
                0x00000000080001ac       0x30 ./Core/Src/main.o
                0x00000000080001ac                SPI_SendReceive
 .text.HAL_SPI_TxRxCpltCallback
                0x00000000080001dc       0x38 ./Core/Src/main.o
                0x00000000080001dc                HAL_SPI_TxRxCpltCallback
 .text.main     0x0000000008000214       0x8c ./Core/Src/main.o
                0x0000000008000214                main
 .text.SystemClock_Config
                0x00000000080002a0       0x88 ./Core/Src/main.o
                0x00000000080002a0                SystemClock_Config
 .text.MX_SPI1_Init
                0x0000000008000328       0x6c ./Core/Src/main.o
 .text.MX_USART1_UART_Init
                0x0000000008000394       0x54 ./Core/Src/main.o
 .text.MX_GPIO_Init
                0x00000000080003e8       0xb8 ./Core/Src/main.o
 .text.Error_Handler
                0x00000000080004a0        0xa ./Core/Src/main.o
                0x00000000080004a0                Error_Handler
 *fill*         0x00000000080004aa        0x2 
 .text.HAL_MspInit
                0x00000000080004ac       0x64 ./Core/Src/stm32f1xx_hal_msp.o
                0x00000000080004ac                HAL_MspInit
 .text.HAL_SPI_MspInit
                0x0000000008000510       0xa4 ./Core/Src/stm32f1xx_hal_msp.o
                0x0000000008000510                HAL_SPI_MspInit
 .text.HAL_UART_MspInit
                0x00000000080005b4       0xa8 ./Core/Src/stm32f1xx_hal_msp.o
                0x00000000080005b4                HAL_UART_MspInit
 .text.NMI_Handler
                0x000000000800065c        0x6 ./Core/Src/stm32f1xx_it.o
                0x000000000800065c                NMI_Handler
 .text.HardFault_Handler
                0x0000000008000662        0x6 ./Core/Src/stm32f1xx_it.o
                0x0000000008000662                HardFault_Handler
 .text.MemManage_Handler
                0x0000000008000668        0x6 ./Core/Src/stm32f1xx_it.o
                0x0000000008000668                MemManage_Handler
 .text.BusFault_Handler
                0x000000000800066e        0x6 ./Core/Src/stm32f1xx_it.o
                0x000000000800066e                BusFault_Handler
 .text.UsageFault_Handler
                0x0000000008000674        0x6 ./Core/Src/stm32f1xx_it.o
                0x0000000008000674                UsageFault_Handler
 .text.SVC_Handler
                0x000000000800067a        0xc ./Core/Src/stm32f1xx_it.o
                0x000000000800067a                SVC_Handler
 .text.DebugMon_Handler
                0x0000000008000686        0xc ./Core/Src/stm32f1xx_it.o
                0x0000000008000686                DebugMon_Handler
 .text.PendSV_Handler
                0x0000000008000692        0xc ./Core/Src/stm32f1xx_it.o
                0x0000000008000692                PendSV_Handler
 .text.SysTick_Handler
                0x000000000800069e        0xc ./Core/Src/stm32f1xx_it.o
                0x000000000800069e                SysTick_Handler
 *fill*         0x00000000080006aa        0x2 
 .text.SPI1_IRQHandler
                0x00000000080006ac       0x14 ./Core/Src/stm32f1xx_it.o
                0x00000000080006ac                SPI1_IRQHandler
 .text.USART1_IRQHandler
                0x00000000080006c0       0x1c ./Core/Src/stm32f1xx_it.o
                0x00000000080006c0                USART1_IRQHandler
 .text.SystemInit
                0x00000000080006dc        0xc ./Core/Src/system_stm32f1xx.o
                0x00000000080006dc                SystemInit
 .text.Reset_Handler
                0x00000000080006e8       0x48 ./Core/Startup/startup_stm32f103cbtx.o
                0x00000000080006e8                Reset_Handler
 .text.Default_Handler
                0x0000000008000730        0x2 ./Core/Startup/startup_stm32f103cbtx.o
                0x0000000008000730                RTC_Alarm_IRQHandler
                0x0000000008000730                EXTI2_IRQHandler
                0x0000000008000730                TIM1_CC_IRQHandler
                0x0000000008000730                PVD_IRQHandler
                0x0000000008000730                EXTI3_IRQHandler
                0x0000000008000730                EXTI0_IRQHandler
                0x0000000008000730                I2C2_EV_IRQHandler
                0x0000000008000730                ADC1_2_IRQHandler
                0x0000000008000730                TAMPER_IRQHandler
                0x0000000008000730                DMA1_Channel4_IRQHandler
                0x0000000008000730                USART3_IRQHandler
                0x0000000008000730                RTC_IRQHandler
                0x0000000008000730                DMA1_Channel7_IRQHandler
                0x0000000008000730                CAN1_RX1_IRQHandler
                0x0000000008000730                TIM4_IRQHandler
                0x0000000008000730                I2C1_EV_IRQHandler
                0x0000000008000730                DMA1_Channel6_IRQHandler
                0x0000000008000730                TIM3_IRQHandler
                0x0000000008000730                RCC_IRQHandler
                0x0000000008000730                TIM1_TRG_COM_IRQHandler
                0x0000000008000730                DMA1_Channel1_IRQHandler
                0x0000000008000730                Default_Handler
                0x0000000008000730                EXTI15_10_IRQHandler
                0x0000000008000730                EXTI9_5_IRQHandler
                0x0000000008000730                SPI2_IRQHandler
                0x0000000008000730                DMA1_Channel5_IRQHandler
                0x0000000008000730                EXTI4_IRQHandler
                0x0000000008000730                USB_LP_CAN1_RX0_IRQHandler
                0x0000000008000730                USB_HP_CAN1_TX_IRQHandler
                0x0000000008000730                DMA1_Channel3_IRQHandler
                0x0000000008000730                TIM1_UP_IRQHandler
                0x0000000008000730                WWDG_IRQHandler
                0x0000000008000730                TIM2_IRQHandler
                0x0000000008000730                TIM1_BRK_IRQHandler
                0x0000000008000730                EXTI1_IRQHandler
                0x0000000008000730                USART2_IRQHandler
                0x0000000008000730                I2C2_ER_IRQHandler
                0x0000000008000730                DMA1_Channel2_IRQHandler
                0x0000000008000730                CAN1_SCE_IRQHandler
                0x0000000008000730                FLASH_IRQHandler
                0x0000000008000730                I2C1_ER_IRQHandler
                0x0000000008000730                USBWakeUp_IRQHandler
 *fill*         0x0000000008000732        0x2 
 .text.HAL_Init
                0x0000000008000734       0x2c ./Drivers/STM32F1xx_HAL_Driver/Src/stm32f1xx_hal.o
                0x0000000008000734                HAL_Init
 .text.HAL_InitTick
                0x0000000008000760       0x60 ./Drivers/STM32F1xx_HAL_Driver/Src/stm32f1xx_hal.o
                0x0000000008000760                HAL_InitTick
 .text.HAL_IncTick
                0x00000000080007c0       0x24 ./Drivers/STM32F1xx_HAL_Driver/Src/stm32f1xx_hal.o
                0x00000000080007c0                HAL_IncTick
 .text.HAL_GetTick
                0x00000000080007e4       0x14 ./Drivers/STM32F1xx_HAL_Driver/Src/stm32f1xx_hal.o
                0x00000000080007e4                HAL_GetTick
 .text.__NVIC_SetPriorityGrouping
                0x00000000080007f8       0x48 ./Drivers/STM32F1xx_HAL_Driver/Src/stm32f1xx_hal_cortex.o
 .text.__NVIC_GetPriorityGrouping
                0x0000000008000840       0x1c ./Drivers/STM32F1xx_HAL_Driver/Src/stm32f1xx_hal_cortex.o
 .text.__NVIC_EnableIRQ
                0x000000000800085c       0x38 ./Drivers/STM32F1xx_HAL_Driver/Src/stm32f1xx_hal_cortex.o
 .text.__NVIC_SetPriority
                0x0000000008000894       0x54 ./Drivers/STM32F1xx_HAL_Driver/Src/stm32f1xx_hal_cortex.o
 .text.NVIC_EncodePriority
                0x00000000080008e8       0x64 ./Drivers/STM32F1xx_HAL_Driver/Src/stm32f1xx_hal_cortex.o
 .text.SysTick_Config
                0x000000000800094c       0x44 ./Drivers/STM32F1xx_HAL_Driver/Src/stm32f1xx_hal_cortex.o
 .text.HAL_NVIC_SetPriorityGrouping
                0x0000000008000990       0x16 ./Drivers/STM32F1xx_HAL_Driver/Src/stm32f1xx_hal_cortex.o
                0x0000000008000990                HAL_NVIC_SetPriorityGrouping
 .text.HAL_NVIC_SetPriority
                0x00000000080009a6       0x38 ./Drivers/STM32F1xx_HAL_Driver/Src/stm32f1xx_hal_cortex.o
                0x00000000080009a6                HAL_NVIC_SetPriority
 .text.HAL_NVIC_EnableIRQ
                0x00000000080009de       0x1c ./Drivers/STM32F1xx_HAL_Driver/Src/stm32f1xx_hal_cortex.o
                0x00000000080009de                HAL_NVIC_EnableIRQ
 .text.HAL_SYSTICK_Config
                0x00000000080009fa       0x18 ./Drivers/STM32F1xx_HAL_Driver/Src/stm32f1xx_hal_cortex.o
                0x00000000080009fa                HAL_SYSTICK_Config
 .text.HAL_DMA_Abort
                0x0000000008000a12       0x76 ./Drivers/STM32F1xx_HAL_Driver/Src/stm32f1xx_hal_dma.o
                0x0000000008000a12                HAL_DMA_Abort
 .text.HAL_DMA_Abort_IT
                0x0000000008000a88       0xf0 ./Drivers/STM32F1xx_HAL_Driver/Src/stm32f1xx_hal_dma.o
                0x0000000008000a88                HAL_DMA_Abort_IT
 .text.HAL_GPIO_Init
                0x0000000008000b78      0x308 ./Drivers/STM32F1xx_HAL_Driver/Src/stm32f1xx_hal_gpio.o
                0x0000000008000b78                HAL_GPIO_Init
 .text.HAL_GPIO_WritePin
                0x0000000008000e80       0x30 ./Drivers/STM32F1xx_HAL_Driver/Src/stm32f1xx_hal_gpio.o
                0x0000000008000e80                HAL_GPIO_WritePin
 .text.HAL_GPIO_TogglePin
                0x0000000008000eb0       0x32 ./Drivers/STM32F1xx_HAL_Driver/Src/stm32f1xx_hal_gpio.o
                0x0000000008000eb0                HAL_GPIO_TogglePin
 *fill*         0x0000000008000ee2        0x2 
 .text.HAL_RCC_OscConfig
                0x0000000008000ee4      0x504 ./Drivers/STM32F1xx_HAL_Driver/Src/stm32f1xx_hal_rcc.o
                0x0000000008000ee4                HAL_RCC_OscConfig
 .text.HAL_RCC_ClockConfig
                0x00000000080013e8      0x1d4 ./Drivers/STM32F1xx_HAL_Driver/Src/stm32f1xx_hal_rcc.o
                0x00000000080013e8                HAL_RCC_ClockConfig
 .text.HAL_RCC_GetSysClockFreq
                0x00000000080015bc       0xa8 ./Drivers/STM32F1xx_HAL_Driver/Src/stm32f1xx_hal_rcc.o
                0x00000000080015bc                HAL_RCC_GetSysClockFreq
 .text.HAL_RCC_GetHCLKFreq
                0x0000000008001664       0x14 ./Drivers/STM32F1xx_HAL_Driver/Src/stm32f1xx_hal_rcc.o
                0x0000000008001664                HAL_RCC_GetHCLKFreq
 .text.HAL_RCC_GetPCLK1Freq
                0x0000000008001678       0x28 ./Drivers/STM32F1xx_HAL_Driver/Src/stm32f1xx_hal_rcc.o
                0x0000000008001678                HAL_RCC_GetPCLK1Freq
 .text.HAL_RCC_GetPCLK2Freq
                0x00000000080016a0       0x28 ./Drivers/STM32F1xx_HAL_Driver/Src/stm32f1xx_hal_rcc.o
                0x00000000080016a0                HAL_RCC_GetPCLK2Freq
 .text.RCC_Delay
                0x00000000080016c8       0x3c ./Drivers/STM32F1xx_HAL_Driver/Src/stm32f1xx_hal_rcc.o
 .text.HAL_SPI_Init
                0x0000000008001704      0x108 ./Drivers/STM32F1xx_HAL_Driver/Src/stm32f1xx_hal_spi.o
                0x0000000008001704                HAL_SPI_Init
 .text.HAL_SPI_TransmitReceive_IT
                0x000000000800180c      0x11c ./Drivers/STM32F1xx_HAL_Driver/Src/stm32f1xx_hal_spi.o
                0x000000000800180c                HAL_SPI_TransmitReceive_IT
 .text.HAL_SPI_IRQHandler
                0x0000000008001928      0x1cc ./Drivers/STM32F1xx_HAL_Driver/Src/stm32f1xx_hal_spi.o
                0x0000000008001928                HAL_SPI_IRQHandler
 .text.HAL_SPI_RxCpltCallback
                0x0000000008001af4       0x12 ./Drivers/STM32F1xx_HAL_Driver/Src/stm32f1xx_hal_spi.o
                0x0000000008001af4                HAL_SPI_RxCpltCallback
 .text.HAL_SPI_ErrorCallback
                0x0000000008001b06       0x12 ./Drivers/STM32F1xx_HAL_Driver/Src/stm32f1xx_hal_spi.o
                0x0000000008001b06                HAL_SPI_ErrorCallback
 .text.SPI_DMAAbortOnError
                0x0000000008001b18       0x28 ./Drivers/STM32F1xx_HAL_Driver/Src/stm32f1xx_hal_spi.o
 .text.SPI_2linesRxISR_8BIT
                0x0000000008001b40       0x64 ./Drivers/STM32F1xx_HAL_Driver/Src/stm32f1xx_hal_spi.o
 .text.SPI_2linesTxISR_8BIT
                0x0000000008001ba4       0x60 ./Drivers/STM32F1xx_HAL_Driver/Src/stm32f1xx_hal_spi.o
 .text.SPI_2linesRxISR_16BIT
                0x0000000008001c04       0x60 ./Drivers/STM32F1xx_HAL_Driver/Src/stm32f1xx_hal_spi.o
 .text.SPI_2linesTxISR_16BIT
                0x0000000008001c64       0x5e ./Drivers/STM32F1xx_HAL_Driver/Src/stm32f1xx_hal_spi.o
 *fill*         0x0000000008001cc2        0x2 
 .text.SPI_WaitFlagStateUntilTimeout
                0x0000000008001cc4      0x110 ./Drivers/STM32F1xx_HAL_Driver/Src/stm32f1xx_hal_spi.o
 .text.SPI_EndRxTxTransaction
                0x0000000008001dd4       0x62 ./Drivers/STM32F1xx_HAL_Driver/Src/stm32f1xx_hal_spi.o
 *fill*         0x0000000008001e36        0x2 
 .text.SPI_CloseRxTx_ISR
                0x0000000008001e38       0xe8 ./Drivers/STM32F1xx_HAL_Driver/Src/stm32f1xx_hal_spi.o
 .text.HAL_UART_Init
                0x0000000008001f20       0xa0 ./Drivers/STM32F1xx_HAL_Driver/Src/stm32f1xx_hal_uart.o
                0x0000000008001f20                HAL_UART_Init
 .text.HAL_UART_Transmit
                0x0000000008001fc0      0x116 ./Drivers/STM32F1xx_HAL_Driver/Src/stm32f1xx_hal_uart.o
                0x0000000008001fc0                HAL_UART_Transmit
 .text.HAL_UART_Receive_IT
                0x00000000080020d6       0x4a ./Drivers/STM32F1xx_HAL_Driver/Src/stm32f1xx_hal_uart.o
                0x00000000080020d6                HAL_UART_Receive_IT
 .text.HAL_UART_IRQHandler
                0x0000000008002120      0x524 ./Drivers/STM32F1xx_HAL_Driver/Src/stm32f1xx_hal_uart.o
                0x0000000008002120                HAL_UART_IRQHandler
 .text.HAL_UART_TxCpltCallback
                0x0000000008002644       0x12 ./Drivers/STM32F1xx_HAL_Driver/Src/stm32f1xx_hal_uart.o
                0x0000000008002644                HAL_UART_TxCpltCallback
 .text.HAL_UART_RxCpltCallback
                0x0000000008002656       0x12 ./Drivers/STM32F1xx_HAL_Driver/Src/stm32f1xx_hal_uart.o
                0x0000000008002656                HAL_UART_RxCpltCallback
 .text.HAL_UART_ErrorCallback
                0x0000000008002668       0x12 ./Drivers/STM32F1xx_HAL_Driver/Src/stm32f1xx_hal_uart.o
                0x0000000008002668                HAL_UART_ErrorCallback
 .text.HAL_UARTEx_RxEventCallback
                0x000000000800267a       0x16 ./Drivers/STM32F1xx_HAL_Driver/Src/stm32f1xx_hal_uart.o
                0x000000000800267a                HAL_UARTEx_RxEventCallback
 .text.UART_WaitOnFlagUntilTimeout
                0x0000000008002690       0xb2 ./Drivers/STM32F1xx_HAL_Driver/Src/stm32f1xx_hal_uart.o
 .text.UART_Start_Receive_IT
                0x0000000008002742       0x72 ./Drivers/STM32F1xx_HAL_Driver/Src/stm32f1xx_hal_uart.o
                0x0000000008002742                UART_Start_Receive_IT
 .text.UART_EndRxTransfer
                0x00000000080027b4       0xc4 ./Drivers/STM32F1xx_HAL_Driver/Src/stm32f1xx_hal_uart.o
 .text.UART_DMAAbortOnError
                0x0000000008002878       0x28 ./Drivers/STM32F1xx_HAL_Driver/Src/stm32f1xx_hal_uart.o
 .text.UART_Transmit_IT
                0x00000000080028a0       0x9e ./Drivers/STM32F1xx_HAL_Driver/Src/stm32f1xx_hal_uart.o
 .text.UART_EndTransmit_IT
                0x000000000800293e       0x30 ./Drivers/STM32F1xx_HAL_Driver/Src/stm32f1xx_hal_uart.o
 .text.UART_Receive_IT
                0x000000000800296e      0x17c ./Drivers/STM32F1xx_HAL_Driver/Src/stm32f1xx_hal_uart.o
 *fill*         0x0000000008002aea        0x2 
 .text.UART_SetConfig
                0x0000000008002aec      0x11c ./Drivers/STM32F1xx_HAL_Driver/Src/stm32f1xx_hal_uart.o
 .text.__libc_init_array
                0x0000000008002c08       0x48 d:/program files/stm32cubeide_1.12.0/stm32cubeide/plugins/com.st.stm32cube.ide.mcu.externaltools.gnu-tools-for-stm32.10.3-2021.10.win32_1.0.200.202301161003/tools/bin/../lib/gcc/arm-none-eabi/10.3.1/../../../../arm-none-eabi/lib/thumb/v7-m/nofp\libc_nano.a(lib_a-init.o)
                0x0000000008002c08                __libc_init_array
 .text.memset   0x0000000008002c50       0x10 d:/program files/stm32cubeide_1.12.0/stm32cubeide/plugins/com.st.stm32cube.ide.mcu.externaltools.gnu-tools-for-stm32.10.3-2021.10.win32_1.0.200.202301161003/tools/bin/../lib/gcc/arm-none-eabi/10.3.1/../../../../arm-none-eabi/lib/thumb/v7-m/nofp\libc_nano.a(lib_a-memset.o)
                0x0000000008002c50                memset
 *(.glue_7)
 .glue_7        0x0000000008002c60        0x0 linker stubs
 *(.glue_7t)
 .glue_7t       0x0000000008002c60        0x0 linker stubs
 *(.eh_frame)
 .eh_frame      0x0000000008002c60        0x0 d:/program files/stm32cubeide_1.12.0/stm32cubeide/plugins/com.st.stm32cube.ide.mcu.externaltools.gnu-tools-for-stm32.10.3-2021.10.win32_1.0.200.202301161003/tools/bin/../lib/gcc/arm-none-eabi/10.3.1/thumb/v7-m/nofp/crtbegin.o
 *(.init)
 .init          0x0000000008002c60        0x4 d:/program files/stm32cubeide_1.12.0/stm32cubeide/plugins/com.st.stm32cube.ide.mcu.externaltools.gnu-tools-for-stm32.10.3-2021.10.win32_1.0.200.202301161003/tools/bin/../lib/gcc/arm-none-eabi/10.3.1/thumb/v7-m/nofp/crti.o
                0x0000000008002c60                _init
 .init          0x0000000008002c64        0x8 d:/program files/stm32cubeide_1.12.0/stm32cubeide/plugins/com.st.stm32cube.ide.mcu.externaltools.gnu-tools-for-stm32.10.3-2021.10.win32_1.0.200.202301161003/tools/bin/../lib/gcc/arm-none-eabi/10.3.1/thumb/v7-m/nofp/crtn.o
 *(.fini)
 .fini          0x0000000008002c6c        0x4 d:/program files/stm32cubeide_1.12.0/stm32cubeide/plugins/com.st.stm32cube.ide.mcu.externaltools.gnu-tools-for-stm32.10.3-2021.10.win32_1.0.200.202301161003/tools/bin/../lib/gcc/arm-none-eabi/10.3.1/thumb/v7-m/nofp/crti.o
                0x0000000008002c6c                _fini
 .fini          0x0000000008002c70        0x8 d:/program files/stm32cubeide_1.12.0/stm32cubeide/plugins/com.st.stm32cube.ide.mcu.externaltools.gnu-tools-for-stm32.10.3-2021.10.win32_1.0.200.202301161003/tools/bin/../lib/gcc/arm-none-eabi/10.3.1/thumb/v7-m/nofp/crtn.o
                0x0000000008002c78                . = ALIGN (0x4)
                0x0000000008002c78                _etext = .

.vfp11_veneer   0x0000000008002c78        0x0
 .vfp11_veneer  0x0000000008002c78        0x0 linker stubs

.v4_bx          0x0000000008002c78        0x0
 .v4_bx         0x0000000008002c78        0x0 linker stubs

.iplt           0x0000000008002c78        0x0
 .iplt          0x0000000008002c78        0x0 d:/program files/stm32cubeide_1.12.0/stm32cubeide/plugins/com.st.stm32cube.ide.mcu.externaltools.gnu-tools-for-stm32.10.3-2021.10.win32_1.0.200.202301161003/tools/bin/../lib/gcc/arm-none-eabi/10.3.1/thumb/v7-m/nofp/crtbegin.o

.rodata         0x0000000008002c78       0x2c
                0x0000000008002c78                . = ALIGN (0x4)
 *(.rodata)
 *(.rodata*)
 .rodata.AHBPrescTable
                0x0000000008002c78       0x10 ./Core/Src/system_stm32f1xx.o
                0x0000000008002c78                AHBPrescTable
 .rodata.APBPrescTable
                0x0000000008002c88        0x8 ./Core/Src/system_stm32f1xx.o
                0x0000000008002c88                APBPrescTable
 .rodata.aPLLMULFactorTable.1
                0x0000000008002c90       0x10 ./Drivers/STM32F1xx_HAL_Driver/Src/stm32f1xx_hal_rcc.o
 .rodata.aPredivFactorTable.0
                0x0000000008002ca0        0x2 ./Drivers/STM32F1xx_HAL_Driver/Src/stm32f1xx_hal_rcc.o
                0x0000000008002ca4                . = ALIGN (0x4)
 *fill*         0x0000000008002ca2        0x2 

.rel.dyn        0x0000000008002ca4        0x0
 .rel.iplt      0x0000000008002ca4        0x0 d:/program files/stm32cubeide_1.12.0/stm32cubeide/plugins/com.st.stm32cube.ide.mcu.externaltools.gnu-tools-for-stm32.10.3-2021.10.win32_1.0.200.202301161003/tools/bin/../lib/gcc/arm-none-eabi/10.3.1/thumb/v7-m/nofp/crtbegin.o

.ARM.extab      0x0000000008002ca4        0x0
                0x0000000008002ca4                . = ALIGN (0x4)
 *(.ARM.extab* .gnu.linkonce.armextab.*)
                0x0000000008002ca4                . = ALIGN (0x4)

.ARM            0x0000000008002ca4        0x0
                0x0000000008002ca4                . = ALIGN (0x4)
                0x0000000008002ca4                __exidx_start = .
 *(.ARM.exidx*)
                0x0000000008002ca4                __exidx_end = .
                0x0000000008002ca4                . = ALIGN (0x4)

.preinit_array  0x0000000008002ca4        0x0
                0x0000000008002ca4                . = ALIGN (0x4)
                0x0000000008002ca4                PROVIDE (__preinit_array_start = .)
 *(.preinit_array*)
                0x0000000008002ca4                PROVIDE (__preinit_array_end = .)
                0x0000000008002ca4                . = ALIGN (0x4)

.init_array     0x0000000008002ca4        0x4
                0x0000000008002ca4                . = ALIGN (0x4)
                0x0000000008002ca4                PROVIDE (__init_array_start = .)
 *(SORT_BY_NAME(.init_array.*))
 *(.init_array*)
 .init_array    0x0000000008002ca4        0x4 d:/program files/stm32cubeide_1.12.0/stm32cubeide/plugins/com.st.stm32cube.ide.mcu.externaltools.gnu-tools-for-stm32.10.3-2021.10.win32_1.0.200.202301161003/tools/bin/../lib/gcc/arm-none-eabi/10.3.1/thumb/v7-m/nofp/crtbegin.o
                0x0000000008002ca8                PROVIDE (__init_array_end = .)
                0x0000000008002ca8                . = ALIGN (0x4)

.fini_array     0x0000000008002ca8        0x4
                0x0000000008002ca8                . = ALIGN (0x4)
                [!provide]                        PROVIDE (__fini_array_start = .)
 *(SORT_BY_NAME(.fini_array.*))
 *(.fini_array*)
 .fini_array    0x0000000008002ca8        0x4 d:/program files/stm32cubeide_1.12.0/stm32cubeide/plugins/com.st.stm32cube.ide.mcu.externaltools.gnu-tools-for-stm32.10.3-2021.10.win32_1.0.200.202301161003/tools/bin/../lib/gcc/arm-none-eabi/10.3.1/thumb/v7-m/nofp/crtbegin.o
                [!provide]                        PROVIDE (__fini_array_end = .)
                0x0000000008002cac                . = ALIGN (0x4)
                0x0000000008002cac                _sidata = LOADADDR (.data)

.data           0x0000000020000000      0x118 load address 0x0000000008002cac
                0x0000000020000000                . = ALIGN (0x4)
                0x0000000020000000                _sdata = .
 *(.data)
 *(.data*)
 .data.request_buf
                0x0000000020000000      0x108 ./Core/Src/main.o
                0x0000000020000000                request_buf
 .data.request  0x0000000020000108        0x2 ./Core/Src/main.o
                0x0000000020000108                request
 *fill*         0x000000002000010a        0x2 
 .data.SystemCoreClock
                0x000000002000010c        0x4 ./Core/Src/system_stm32f1xx.o
                0x000000002000010c                SystemCoreClock
 .data.uwTickPrio
                0x0000000020000110        0x4 ./Drivers/STM32F1xx_HAL_Driver/Src/stm32f1xx_hal.o
                0x0000000020000110                uwTickPrio
 .data.uwTickFreq
                0x0000000020000114        0x1 ./Drivers/STM32F1xx_HAL_Driver/Src/stm32f1xx_hal.o
                0x0000000020000114                uwTickFreq
 *(.RamFunc)
 *(.RamFunc*)
                0x0000000020000118                . = ALIGN (0x4)
 *fill*         0x0000000020000115        0x3 
                0x0000000020000118                _edata = .

.igot.plt       0x0000000020000118        0x0 load address 0x0000000008002dc4
 .igot.plt      0x0000000020000118        0x0 d:/program files/stm32cubeide_1.12.0/stm32cubeide/plugins/com.st.stm32cube.ide.mcu.externaltools.gnu-tools-for-stm32.10.3-2021.10.win32_1.0.200.202301161003/tools/bin/../lib/gcc/arm-none-eabi/10.3.1/thumb/v7-m/nofp/crtbegin.o
                0x0000000020000118                . = ALIGN (0x4)

.bss            0x0000000020000118      0x1d4 load address 0x0000000008002dc4
                0x0000000020000118                _sbss = .
                0x0000000020000118                __bss_start__ = _sbss
 *(.bss)
 .bss           0x0000000020000118       0x1c d:/program files/stm32cubeide_1.12.0/stm32cubeide/plugins/com.st.stm32cube.ide.mcu.externaltools.gnu-tools-for-stm32.10.3-2021.10.win32_1.0.200.202301161003/tools/bin/../lib/gcc/arm-none-eabi/10.3.1/thumb/v7-m/nofp/crtbegin.o
 *(.bss*)
 .bss.hspi1     0x0000000020000134       0x58 ./Core/Src/main.o
                0x0000000020000134                hspi1
 .bss.huart1    0x000000002000018c       0x48 ./Core/Src/main.o
                0x000000002000018c                huart1
 .bss.uart1_rx_complete
                0x00000000200001d4        0x1 ./Core/Src/main.o
                0x00000000200001d4                uart1_rx_complete
 .bss.spi_transaction_complete
                0x00000000200001d5        0x1 ./Core/Src/main.o
                0x00000000200001d5                spi_transaction_complete
 *fill*         0x00000000200001d6        0x2 
 .bss.uart1_rx_buf
                0x00000000200001d8        0x1 ./Core/Src/main.o
                0x00000000200001d8                uart1_rx_buf
 .bss.data      0x00000000200001d9        0x1 ./Core/Src/main.o
                0x00000000200001d9                data
 *fill*         0x00000000200001da        0x2 
 .bss.response  0x00000000200001dc        0x2 ./Core/Src/main.o
                0x00000000200001dc                response
 *fill*         0x00000000200001de        0x2 
 .bss.response_buf
                0x00000000200001e0      0x108 ./Core/Src/main.o
                0x00000000200001e0                response_buf
 .bss.uwTick    0x00000000200002e8        0x4 ./Drivers/STM32F1xx_HAL_Driver/Src/stm32f1xx_hal.o
                0x00000000200002e8                uwTick
 *(COMMON)
                0x00000000200002ec                . = ALIGN (0x4)
                0x00000000200002ec                _ebss = .
                0x00000000200002ec                __bss_end__ = _ebss

._user_heap_stack
                0x00000000200002ec      0x604 load address 0x0000000008002dc4
                0x00000000200002f0                . = ALIGN (0x8)
 *fill*         0x00000000200002ec        0x4 
                [!provide]                        PROVIDE (end = .)
                0x00000000200002f0                PROVIDE (_end = .)
                0x00000000200004f0                . = (. + _Min_Heap_Size)
 *fill*         0x00000000200002f0      0x200 
                0x00000000200008f0                . = (. + _Min_Stack_Size)
 *fill*         0x00000000200004f0      0x400 
                0x00000000200008f0                . = ALIGN (0x8)

/DISCARD/
 libc.a(*)
 libm.a(*)
 libgcc.a(*)

.ARM.attributes
                0x0000000000000000       0x29
 *(.ARM.attributes)
 .ARM.attributes
                0x0000000000000000       0x1d d:/program files/stm32cubeide_1.12.0/stm32cubeide/plugins/com.st.stm32cube.ide.mcu.externaltools.gnu-tools-for-stm32.10.3-2021.10.win32_1.0.200.202301161003/tools/bin/../lib/gcc/arm-none-eabi/10.3.1/thumb/v7-m/nofp/crti.o
 .ARM.attributes
                0x000000000000001d       0x2d d:/program files/stm32cubeide_1.12.0/stm32cubeide/plugins/com.st.stm32cube.ide.mcu.externaltools.gnu-tools-for-stm32.10.3-2021.10.win32_1.0.200.202301161003/tools/bin/../lib/gcc/arm-none-eabi/10.3.1/thumb/v7-m/nofp/crtbegin.o
 .ARM.attributes
                0x000000000000004a       0x2d ./Core/Src/main.o
 .ARM.attributes
                0x0000000000000077       0x2d ./Core/Src/stm32f1xx_hal_msp.o
 .ARM.attributes
                0x00000000000000a4       0x2d ./Core/Src/stm32f1xx_it.o
 .ARM.attributes
                0x00000000000000d1       0x2d ./Core/Src/system_stm32f1xx.o
 .ARM.attributes
                0x00000000000000fe       0x21 ./Core/Startup/startup_stm32f103cbtx.o
 .ARM.attributes
                0x000000000000011f       0x2d ./Drivers/STM32F1xx_HAL_Driver/Src/stm32f1xx_hal.o
 .ARM.attributes
                0x000000000000014c       0x2d ./Drivers/STM32F1xx_HAL_Driver/Src/stm32f1xx_hal_cortex.o
 .ARM.attributes
                0x0000000000000179       0x2d ./Drivers/STM32F1xx_HAL_Driver/Src/stm32f1xx_hal_dma.o
 .ARM.attributes
                0x00000000000001a6       0x2d ./Drivers/STM32F1xx_HAL_Driver/Src/stm32f1xx_hal_gpio.o
 .ARM.attributes
                0x00000000000001d3       0x2d ./Drivers/STM32F1xx_HAL_Driver/Src/stm32f1xx_hal_rcc.o
 .ARM.attributes
                0x0000000000000200       0x2d ./Drivers/STM32F1xx_HAL_Driver/Src/stm32f1xx_hal_spi.o
 .ARM.attributes
                0x000000000000022d       0x2d ./Drivers/STM32F1xx_HAL_Driver/Src/stm32f1xx_hal_uart.o
 .ARM.attributes
                0x000000000000025a       0x2d d:/program files/stm32cubeide_1.12.0/stm32cubeide/plugins/com.st.stm32cube.ide.mcu.externaltools.gnu-tools-for-stm32.10.3-2021.10.win32_1.0.200.202301161003/tools/bin/../lib/gcc/arm-none-eabi/10.3.1/../../../../arm-none-eabi/lib/thumb/v7-m/nofp\libc_nano.a(lib_a-init.o)
 .ARM.attributes
                0x0000000000000287       0x2d d:/program files/stm32cubeide_1.12.0/stm32cubeide/plugins/com.st.stm32cube.ide.mcu.externaltools.gnu-tools-for-stm32.10.3-2021.10.win32_1.0.200.202301161003/tools/bin/../lib/gcc/arm-none-eabi/10.3.1/../../../../arm-none-eabi/lib/thumb/v7-m/nofp\libc_nano.a(lib_a-memset.o)
 .ARM.attributes
                0x00000000000002b4       0x1d d:/program files/stm32cubeide_1.12.0/stm32cubeide/plugins/com.st.stm32cube.ide.mcu.externaltools.gnu-tools-for-stm32.10.3-2021.10.win32_1.0.200.202301161003/tools/bin/../lib/gcc/arm-none-eabi/10.3.1/thumb/v7-m/nofp/crtn.o
OUTPUT(med_hub_f103cbt6.elf elf32-littlearm)
LOAD linker stubs
LOAD d:/program files/stm32cubeide_1.12.0/stm32cubeide/plugins/com.st.stm32cube.ide.mcu.externaltools.gnu-tools-for-stm32.10.3-2021.10.win32_1.0.200.202301161003/tools/bin/../lib/gcc/arm-none-eabi/10.3.1/../../../../arm-none-eabi/lib/thumb/v7-m/nofp\libc.a
LOAD d:/program files/stm32cubeide_1.12.0/stm32cubeide/plugins/com.st.stm32cube.ide.mcu.externaltools.gnu-tools-for-stm32.10.3-2021.10.win32_1.0.200.202301161003/tools/bin/../lib/gcc/arm-none-eabi/10.3.1/../../../../arm-none-eabi/lib/thumb/v7-m/nofp\libm.a
LOAD d:/program files/stm32cubeide_1.12.0/stm32cubeide/plugins/com.st.stm32cube.ide.mcu.externaltools.gnu-tools-for-stm32.10.3-2021.10.win32_1.0.200.202301161003/tools/bin/../lib/gcc/arm-none-eabi/10.3.1/thumb/v7-m/nofp\libgcc.a

.debug_info     0x0000000000000000     0x9523
 .debug_info    0x0000000000000000      0xe4a ./Core/Src/main.o
 .debug_info    0x0000000000000e4a      0xd0d ./Core/Src/stm32f1xx_hal_msp.o
 .debug_info    0x0000000000001b57      0x8fb ./Core/Src/stm32f1xx_it.o
 .debug_info    0x0000000000002452      0x23d ./Core/Src/system_stm32f1xx.o
 .debug_info    0x000000000000268f       0x22 ./Core/Startup/startup_stm32f103cbtx.o
 .debug_info    0x00000000000026b1      0x734 ./Drivers/STM32F1xx_HAL_Driver/Src/stm32f1xx_hal.o
 .debug_info    0x0000000000002de5      0xb20 ./Drivers/STM32F1xx_HAL_Driver/Src/stm32f1xx_hal_cortex.o
 .debug_info    0x0000000000003905      0x744 ./Drivers/STM32F1xx_HAL_Driver/Src/stm32f1xx_hal_dma.o
 .debug_info    0x0000000000004049      0x615 ./Drivers/STM32F1xx_HAL_Driver/Src/stm32f1xx_hal_gpio.o
 .debug_info    0x000000000000465e      0x865 ./Drivers/STM32F1xx_HAL_Driver/Src/stm32f1xx_hal_rcc.o
 .debug_info    0x0000000000004ec3     0x156e ./Drivers/STM32F1xx_HAL_Driver/Src/stm32f1xx_hal_spi.o
 .debug_info    0x0000000000006431     0x30f2 ./Drivers/STM32F1xx_HAL_Driver/Src/stm32f1xx_hal_uart.o

.debug_abbrev   0x0000000000000000     0x17a1
 .debug_abbrev  0x0000000000000000      0x296 ./Core/Src/main.o
 .debug_abbrev  0x0000000000000296      0x1b9 ./Core/Src/stm32f1xx_hal_msp.o
 .debug_abbrev  0x000000000000044f      0x177 ./Core/Src/stm32f1xx_it.o
 .debug_abbrev  0x00000000000005c6      0x13b ./Core/Src/system_stm32f1xx.o
 .debug_abbrev  0x0000000000000701       0x12 ./Core/Startup/startup_stm32f103cbtx.o
 .debug_abbrev  0x0000000000000713      0x1fb ./Drivers/STM32F1xx_HAL_Driver/Src/stm32f1xx_hal.o
 .debug_abbrev  0x000000000000090e      0x2ed ./Drivers/STM32F1xx_HAL_Driver/Src/stm32f1xx_hal_cortex.o
 .debug_abbrev  0x0000000000000bfb      0x1fe ./Drivers/STM32F1xx_HAL_Driver/Src/stm32f1xx_hal_dma.o
 .debug_abbrev  0x0000000000000df9      0x1bb ./Drivers/STM32F1xx_HAL_Driver/Src/stm32f1xx_hal_gpio.o
 .debug_abbrev  0x0000000000000fb4      0x2a8 ./Drivers/STM32F1xx_HAL_Driver/Src/stm32f1xx_hal_rcc.o
 .debug_abbrev  0x000000000000125c      0x266 ./Drivers/STM32F1xx_HAL_Driver/Src/stm32f1xx_hal_spi.o
 .debug_abbrev  0x00000000000014c2      0x2df ./Drivers/STM32F1xx_HAL_Driver/Src/stm32f1xx_hal_uart.o

.debug_aranges  0x0000000000000000      0x880
 .debug_aranges
                0x0000000000000000       0x60 ./Core/Src/main.o
 .debug_aranges
                0x0000000000000060       0x40 ./Core/Src/stm32f1xx_hal_msp.o
 .debug_aranges
                0x00000000000000a0       0x70 ./Core/Src/stm32f1xx_it.o
 .debug_aranges
                0x0000000000000110       0x28 ./Core/Src/system_stm32f1xx.o
 .debug_aranges
                0x0000000000000138       0x28 ./Core/Startup/startup_stm32f103cbtx.o
 .debug_aranges
                0x0000000000000160       0xe0 ./Drivers/STM32F1xx_HAL_Driver/Src/stm32f1xx_hal.o
 .debug_aranges
                0x0000000000000240      0x100 ./Drivers/STM32F1xx_HAL_Driver/Src/stm32f1xx_hal_cortex.o
 .debug_aranges
                0x0000000000000340       0x80 ./Drivers/STM32F1xx_HAL_Driver/Src/stm32f1xx_hal_dma.o
 .debug_aranges
                0x00000000000003c0       0x58 ./Drivers/STM32F1xx_HAL_Driver/Src/stm32f1xx_hal_gpio.o
 .debug_aranges
                0x0000000000000418       0x90 ./Drivers/STM32F1xx_HAL_Driver/Src/stm32f1xx_hal_rcc.o
 .debug_aranges
                0x00000000000004a8      0x1d0 ./Drivers/STM32F1xx_HAL_Driver/Src/stm32f1xx_hal_spi.o
 .debug_aranges
                0x0000000000000678      0x208 ./Drivers/STM32F1xx_HAL_Driver/Src/stm32f1xx_hal_uart.o

.debug_ranges   0x0000000000000000      0x7f8
 .debug_ranges  0x0000000000000000       0x50 ./Core/Src/main.o
 .debug_ranges  0x0000000000000050       0x30 ./Core/Src/stm32f1xx_hal_msp.o
 .debug_ranges  0x0000000000000080       0x60 ./Core/Src/stm32f1xx_it.o
 .debug_ranges  0x00000000000000e0       0x18 ./Core/Src/system_stm32f1xx.o
 .debug_ranges  0x00000000000000f8       0x20 ./Core/Startup/startup_stm32f103cbtx.o
 .debug_ranges  0x0000000000000118       0xd0 ./Drivers/STM32F1xx_HAL_Driver/Src/stm32f1xx_hal.o
 .debug_ranges  0x00000000000001e8       0xf0 ./Drivers/STM32F1xx_HAL_Driver/Src/stm32f1xx_hal_cortex.o
 .debug_ranges  0x00000000000002d8       0x70 ./Drivers/STM32F1xx_HAL_Driver/Src/stm32f1xx_hal_dma.o
 .debug_ranges  0x0000000000000348       0x48 ./Drivers/STM32F1xx_HAL_Driver/Src/stm32f1xx_hal_gpio.o
 .debug_ranges  0x0000000000000390       0x80 ./Drivers/STM32F1xx_HAL_Driver/Src/stm32f1xx_hal_rcc.o
 .debug_ranges  0x0000000000000410      0x1c0 ./Drivers/STM32F1xx_HAL_Driver/Src/stm32f1xx_hal_spi.o
 .debug_ranges  0x00000000000005d0      0x228 ./Drivers/STM32F1xx_HAL_Driver/Src/stm32f1xx_hal_uart.o

.debug_macro    0x0000000000000000    0x16b69
 .debug_macro   0x0000000000000000      0x290 ./Core/Src/main.o
 .debug_macro   0x0000000000000290      0xa6c ./Core/Src/main.o
 .debug_macro   0x0000000000000cfc      0x21b ./Core/Src/main.o
 .debug_macro   0x0000000000000f17       0x2e ./Core/Src/main.o
 .debug_macro   0x0000000000000f45       0x22 ./Core/Src/main.o
 .debug_macro   0x0000000000000f67       0x22 ./Core/Src/main.o
 .debug_macro   0x0000000000000f89       0x8e ./Core/Src/main.o
 .debug_macro   0x0000000000001017       0x51 ./Core/Src/main.o
 .debug_macro   0x0000000000001068      0x103 ./Core/Src/main.o
 .debug_macro   0x000000000000116b       0x6a ./Core/Src/main.o
 .debug_macro   0x00000000000011d5      0x1df ./Core/Src/main.o
 .debug_macro   0x00000000000013b4       0x1c ./Core/Src/main.o
 .debug_macro   0x00000000000013d0       0x22 ./Core/Src/main.o
 .debug_macro   0x00000000000013f2       0xbd ./Core/Src/main.o
 .debug_macro   0x00000000000014af      0xd23 ./Core/Src/main.o
 .debug_macro   0x00000000000021d2     0xe09e ./Core/Src/main.o
 .debug_macro   0x0000000000010270       0x6d ./Core/Src/main.o
 .debug_macro   0x00000000000102dd     0x34a2 ./Core/Src/main.o
 .debug_macro   0x000000000001377f      0x174 ./Core/Src/main.o
 .debug_macro   0x00000000000138f3       0x5c ./Core/Src/main.o
 .debug_macro   0x000000000001394f      0x5bc ./Core/Src/main.o
 .debug_macro   0x0000000000013f0b      0x289 ./Core/Src/main.o
 .debug_macro   0x0000000000014194      0x1cb ./Core/Src/main.o
 .debug_macro   0x000000000001435f      0x114 ./Core/Src/main.o
 .debug_macro   0x0000000000014473      0x1b2 ./Core/Src/main.o
 .debug_macro   0x0000000000014625       0x27 ./Core/Src/main.o
 .debug_macro   0x000000000001464c      0x136 ./Core/Src/main.o
 .debug_macro   0x0000000000014782      0x1bc ./Core/Src/main.o
 .debug_macro   0x000000000001493e       0x34 ./Core/Src/main.o
 .debug_macro   0x0000000000014972       0x3c ./Core/Src/main.o
 .debug_macro   0x00000000000149ae       0x57 ./Core/Src/main.o
 .debug_macro   0x0000000000014a05       0x87 ./Core/Src/main.o
 .debug_macro   0x0000000000014a8c      0x240 ./Core/Src/main.o
 .debug_macro   0x0000000000014ccc      0x140 ./Core/Src/main.o
 .debug_macro   0x0000000000014e0c      0x217 ./Core/Src/main.o
 .debug_macro   0x0000000000015023      0x28e ./Core/Src/main.o
 .debug_macro   0x00000000000152b1       0x83 ./Core/Src/main.o
 .debug_macro   0x0000000000015334       0x1c ./Core/Src/main.o
 .debug_macro   0x0000000000015350       0x22 ./Core/Src/main.o
 .debug_macro   0x0000000000015372       0x52 ./Core/Src/main.o
 .debug_macro   0x00000000000153c4       0x18 ./Core/Src/main.o
 .debug_macro   0x00000000000153dc       0x3c ./Core/Src/main.o
 .debug_macro   0x0000000000015418       0x34 ./Core/Src/main.o
 .debug_macro   0x000000000001544c       0x16 ./Core/Src/main.o
 .debug_macro   0x0000000000015462       0x43 ./Core/Src/main.o
 .debug_macro   0x00000000000154a5       0x34 ./Core/Src/main.o
 .debug_macro   0x00000000000154d9       0x10 ./Core/Src/main.o
 .debug_macro   0x00000000000154e9       0x58 ./Core/Src/main.o
 .debug_macro   0x0000000000015541       0x71 ./Core/Src/main.o
 .debug_macro   0x00000000000155b2       0x1c ./Core/Src/main.o
 .debug_macro   0x00000000000155ce      0x12a ./Core/Src/main.o
 .debug_macro   0x00000000000156f8      0x341 ./Core/Src/main.o
 .debug_macro   0x0000000000015a39       0x10 ./Core/Src/main.o
 .debug_macro   0x0000000000015a49       0x35 ./Core/Src/main.o
 .debug_macro   0x0000000000015a7e       0x20 ./Core/Src/main.o
 .debug_macro   0x0000000000015a9e      0x1a7 ./Core/Src/stm32f1xx_hal_msp.o
 .debug_macro   0x0000000000015c45      0x1ba ./Core/Src/stm32f1xx_it.o
 .debug_macro   0x0000000000015dff      0x198 ./Core/Src/system_stm32f1xx.o
 .debug_macro   0x0000000000015f97      0x1bc ./Drivers/STM32F1xx_HAL_Driver/Src/stm32f1xx_hal.o
 .debug_macro   0x0000000000016153      0x198 ./Drivers/STM32F1xx_HAL_Driver/Src/stm32f1xx_hal_cortex.o
 .debug_macro   0x00000000000162eb      0x198 ./Drivers/STM32F1xx_HAL_Driver/Src/stm32f1xx_hal_dma.o
 .debug_macro   0x0000000000016483      0x203 ./Drivers/STM32F1xx_HAL_Driver/Src/stm32f1xx_hal_gpio.o
 .debug_macro   0x0000000000016686      0x1aa ./Drivers/STM32F1xx_HAL_Driver/Src/stm32f1xx_hal_rcc.o
 .debug_macro   0x0000000000016830      0x1a0 ./Drivers/STM32F1xx_HAL_Driver/Src/stm32f1xx_hal_spi.o
 .debug_macro   0x00000000000169d0      0x199 ./Drivers/STM32F1xx_HAL_Driver/Src/stm32f1xx_hal_uart.o

.debug_line     0x0000000000000000     0x9d31
 .debug_line    0x0000000000000000      0x9ba ./Core/Src/main.o
 .debug_line    0x00000000000009ba      0x738 ./Core/Src/stm32f1xx_hal_msp.o
 .debug_line    0x00000000000010f2      0x78e ./Core/Src/stm32f1xx_it.o
 .debug_line    0x0000000000001880      0x70a ./Core/Src/system_stm32f1xx.o
 .debug_line    0x0000000000001f8a       0x86 ./Core/Startup/startup_stm32f103cbtx.o
 .debug_line    0x0000000000002010      0x937 ./Drivers/STM32F1xx_HAL_Driver/Src/stm32f1xx_hal.o
 .debug_line    0x0000000000002947      0xb1f ./Drivers/STM32F1xx_HAL_Driver/Src/stm32f1xx_hal_cortex.o
 .debug_line    0x0000000000003466      0xd90 ./Drivers/STM32F1xx_HAL_Driver/Src/stm32f1xx_hal_dma.o
 .debug_line    0x00000000000041f6      0x9d0 ./Drivers/STM32F1xx_HAL_Driver/Src/stm32f1xx_hal_gpio.o
 .debug_line    0x0000000000004bc6      0xd43 ./Drivers/STM32F1xx_HAL_Driver/Src/stm32f1xx_hal_rcc.o
 .debug_line    0x0000000000005909     0x1c2a ./Drivers/STM32F1xx_HAL_Driver/Src/stm32f1xx_hal_spi.o
 .debug_line    0x0000000000007533     0x27fe ./Drivers/STM32F1xx_HAL_Driver/Src/stm32f1xx_hal_uart.o

.debug_str      0x0000000000000000    0x82e09
 .debug_str     0x0000000000000000    0x810d7 ./Core/Src/main.o
                                      0x814a3 (size before relaxing)
 .debug_str     0x00000000000810d7      0x360 ./Core/Src/stm32f1xx_hal_msp.o
                                      0x7e64c (size before relaxing)
 .debug_str     0x0000000000081437      0x112 ./Core/Src/stm32f1xx_it.o
                                      0x7e35c (size before relaxing)
 .debug_str     0x0000000000081549       0x7e ./Core/Src/system_stm32f1xx.o
                                      0x7dcd6 (size before relaxing)
 .debug_str     0x00000000000815c7       0x36 ./Core/Startup/startup_stm32f103cbtx.o
                                         0x7a (size before relaxing)
 .debug_str     0x00000000000815fd      0x384 ./Drivers/STM32F1xx_HAL_Driver/Src/stm32f1xx_hal.o
                                      0x7e409 (size before relaxing)
 .debug_str     0x0000000000081981      0x294 ./Drivers/STM32F1xx_HAL_Driver/Src/stm32f1xx_hal_cortex.o
                                      0x7e355 (size before relaxing)
 .debug_str     0x0000000000081c15      0x23a ./Drivers/STM32F1xx_HAL_Driver/Src/stm32f1xx_hal_dma.o
                                      0x7e07f (size before relaxing)
 .debug_str     0x0000000000081e4f      0x2ce ./Drivers/STM32F1xx_HAL_Driver/Src/stm32f1xx_hal_gpio.o
                                      0x7e05c (size before relaxing)
 .debug_str     0x000000000008211d      0x229 ./Drivers/STM32F1xx_HAL_Driver/Src/stm32f1xx_hal_rcc.o
                                      0x7e105 (size before relaxing)
 .debug_str     0x0000000000082346      0x4ef ./Drivers/STM32F1xx_HAL_Driver/Src/stm32f1xx_hal_spi.o
                                      0x7e5fc (size before relaxing)
 .debug_str     0x0000000000082835      0x5d4 ./Drivers/STM32F1xx_HAL_Driver/Src/stm32f1xx_hal_uart.o
                                      0x7e776 (size before relaxing)

.comment        0x0000000000000000       0x50
 .comment       0x0000000000000000       0x50 ./Core/Src/main.o
                                         0x51 (size before relaxing)
 .comment       0x0000000000000050       0x51 ./Core/Src/stm32f1xx_hal_msp.o
 .comment       0x0000000000000050       0x51 ./Core/Src/stm32f1xx_it.o
 .comment       0x0000000000000050       0x51 ./Core/Src/system_stm32f1xx.o
 .comment       0x0000000000000050       0x51 ./Drivers/STM32F1xx_HAL_Driver/Src/stm32f1xx_hal.o
 .comment       0x0000000000000050       0x51 ./Drivers/STM32F1xx_HAL_Driver/Src/stm32f1xx_hal_cortex.o
 .comment       0x0000000000000050       0x51 ./Drivers/STM32F1xx_HAL_Driver/Src/stm32f1xx_hal_dma.o
 .comment       0x0000000000000050       0x51 ./Drivers/STM32F1xx_HAL_Driver/Src/stm32f1xx_hal_gpio.o
 .comment       0x0000000000000050       0x51 ./Drivers/STM32F1xx_HAL_Driver/Src/stm32f1xx_hal_rcc.o
 .comment       0x0000000000000050       0x51 ./Drivers/STM32F1xx_HAL_Driver/Src/stm32f1xx_hal_spi.o
 .comment       0x0000000000000050       0x51 ./Drivers/STM32F1xx_HAL_Driver/Src/stm32f1xx_hal_uart.o

.debug_frame    0x0000000000000000     0x21f8
 .debug_frame   0x0000000000000000      0x120 ./Core/Src/main.o
 .debug_frame   0x0000000000000120       0xc8 ./Core/Src/stm32f1xx_hal_msp.o
 .debug_frame   0x00000000000001e8      0x13c ./Core/Src/stm32f1xx_it.o
 .debug_frame   0x0000000000000324       0x58 ./Core/Src/system_stm32f1xx.o
 .debug_frame   0x000000000000037c      0x334 ./Drivers/STM32F1xx_HAL_Driver/Src/stm32f1xx_hal.o
 .debug_frame   0x00000000000006b0      0x428 ./Drivers/STM32F1xx_HAL_Driver/Src/stm32f1xx_hal_cortex.o
 .debug_frame   0x0000000000000ad8      0x208 ./Drivers/STM32F1xx_HAL_Driver/Src/stm32f1xx_hal_dma.o
 .debug_frame   0x0000000000000ce0      0x14c ./Drivers/STM32F1xx_HAL_Driver/Src/stm32f1xx_hal_gpio.o
 .debug_frame   0x0000000000000e2c      0x218 ./Drivers/STM32F1xx_HAL_Driver/Src/stm32f1xx_hal_rcc.o
 .debug_frame   0x0000000000001044      0x824 ./Drivers/STM32F1xx_HAL_Driver/Src/stm32f1xx_hal_spi.o
 .debug_frame   0x0000000000001868      0x944 ./Drivers/STM32F1xx_HAL_Driver/Src/stm32f1xx_hal_uart.o
 .debug_frame   0x00000000000021ac       0x2c d:/program files/stm32cubeide_1.12.0/stm32cubeide/plugins/com.st.stm32cube.ide.mcu.externaltools.gnu-tools-for-stm32.10.3-2021.10.win32_1.0.200.202301161003/tools/bin/../lib/gcc/arm-none-eabi/10.3.1/../../../../arm-none-eabi/lib/thumb/v7-m/nofp\libc_nano.a(lib_a-init.o)
 .debug_frame   0x00000000000021d8       0x20 d:/program files/stm32cubeide_1.12.0/stm32cubeide/plugins/com.st.stm32cube.ide.mcu.externaltools.gnu-tools-for-stm32.10.3-2021.10.win32_1.0.200.202301161003/tools/bin/../lib/gcc/arm-none-eabi/10.3.1/../../../../arm-none-eabi/lib/thumb/v7-m/nofp\libc_nano.a(lib_a-memset.o)
