../Core/Src/main.c:119:10:calculateCRC32	24	static
../Core/Src/main.c:126:6:fillRequestFrame	24	static
../Core/Src/main.c:143:6:parserPC	8	static
../Core/Src/main.c:172:6:SPI_SendReceive	8	static
../Core/Src/main.c:187:6:HAL_SPI_TxRxCpltCallback	16	static
../Core/Src/main.c:203:5:main	8	static
../Core/Src/main.c:264:6:SystemClock_Config	72	static
../Core/Src/main.c:304:13:MX_SPI1_Init	8	static
../Core/Src/main.c:342:13:MX_USART1_UART_Init	8	static
../Core/Src/main.c:375:13:MX_GPIO_Init	40	static
../Core/Src/main.c:418:6:Error_Handler	4	static,ignoring_inline_asm
